D:/Projects/CAPTESTER/Drivers/STM32L1xx_HAL_Driver/Src/stm32l1xx_hal_dac.c:388:13:HAL_DAC_MspInit	0	static
D:/Projects/CAPTESTER/Drivers/STM32L1xx_HAL_Driver/Src/stm32l1xx_hal_dac.c:282:19:HAL_DAC_Init	8	static
D:/Projects/CAPTESTER/Drivers/STM32L1xx_HAL_Driver/Src/stm32l1xx_hal_dac.c:404:13:HAL_DAC_MspDeInit	0	static
D:/Projects/CAPTESTER/Drivers/STM32L1xx_HAL_Driver/Src/stm32l1xx_hal_dac.c:343:19:HAL_DAC_DeInit	8	static
D:/Projects/CAPTESTER/Drivers/STM32L1xx_HAL_Driver/Src/stm32l1xx_hal_dac.c:446:19:HAL_DAC_Start	12	static
D:/Projects/CAPTESTER/Drivers/STM32L1xx_HAL_Driver/Src/stm32l1xx_hal_dac.c:507:19:HAL_DAC_Stop	8	static
D:/Projects/CAPTESTER/Drivers/STM32L1xx_HAL_Driver/Src/stm32l1xx_hal_dac.c:545:19:HAL_DAC_Start_DMA	24	static
D:/Projects/CAPTESTER/Drivers/STM32L1xx_HAL_Driver/Src/stm32l1xx_hal_dac.c:677:19:HAL_DAC_Stop_DMA	24	static
D:/Projects/CAPTESTER/Drivers/STM32L1xx_HAL_Driver/Src/stm32l1xx_hal_dac.c:807:19:HAL_DAC_SetValue	16	static
D:/Projects/CAPTESTER/Drivers/STM32L1xx_HAL_Driver/Src/stm32l1xx_hal_dac.c:847:13:HAL_DAC_ConvCpltCallbackCh1	0	static
D:/Projects/CAPTESTER/Drivers/STM32L1xx_HAL_Driver/Src/stm32l1xx_hal_dac.c:1333:6:DAC_DMAConvCpltCh1	8	static
D:/Projects/CAPTESTER/Drivers/STM32L1xx_HAL_Driver/Src/stm32l1xx_hal_dac.c:863:13:HAL_DAC_ConvHalfCpltCallbackCh1	0	static
D:/Projects/CAPTESTER/Drivers/STM32L1xx_HAL_Driver/Src/stm32l1xx_hal_dac.c:1352:6:DAC_DMAHalfConvCpltCh1	8	static
D:/Projects/CAPTESTER/Drivers/STM32L1xx_HAL_Driver/Src/stm32l1xx_hal_dac.c:879:13:HAL_DAC_ErrorCallbackCh1	0	static
D:/Projects/CAPTESTER/Drivers/STM32L1xx_HAL_Driver/Src/stm32l1xx_hal_dac.c:1369:6:DAC_DMAErrorCh1	8	static
D:/Projects/CAPTESTER/Drivers/STM32L1xx_HAL_Driver/Src/stm32l1xx_hal_dac.c:895:13:HAL_DAC_DMAUnderrunCallbackCh1	0	static
D:/Projects/CAPTESTER/Drivers/STM32L1xx_HAL_Driver/Src/stm32l1xx_hal_dac.c:731:6:HAL_DAC_IRQHandler	16	static
D:/Projects/CAPTESTER/Drivers/STM32L1xx_HAL_Driver/Src/stm32l1xx_hal_dac.c:934:10:HAL_DAC_GetValue	0	static
D:/Projects/CAPTESTER/Drivers/STM32L1xx_HAL_Driver/Src/stm32l1xx_hal_dac.c:972:19:HAL_DAC_ConfigChannel	12	static
D:/Projects/CAPTESTER/Drivers/STM32L1xx_HAL_Driver/Src/stm32l1xx_hal_dac.c:1048:22:HAL_DAC_GetState	0	static
D:/Projects/CAPTESTER/Drivers/STM32L1xx_HAL_Driver/Src/stm32l1xx_hal_dac.c:1061:10:HAL_DAC_GetError	0	static
