D:/Projects/CAPTESTER STM32L152/Drivers/STM32L1xx_HAL_Driver/Src/stm32l1xx_hal_pcd_ex.c:80:20:HAL_PCDEx_PMAConfig	8	static
D:/Projects/CAPTESTER STM32L152/Drivers/STM32L1xx_HAL_Driver/Src/stm32l1xx_hal_pcd_ex.c:125:13:HAL_PCDEx_SetConnectionState	0	static
D:/Projects/CAPTESTER STM32L152/Drivers/STM32L1xx_HAL_Driver/Src/stm32l1xx_hal_pcd_ex.c:142:13:HAL_PCDEx_LPM_Callback	0	static
D:/Projects/CAPTESTER STM32L152/Drivers/STM32L1xx_HAL_Driver/Src/stm32l1xx_hal_pcd_ex.c:159:13:HAL_PCDEx_BCD_Callback	0	static
