D:/Projects/CAPTESTER/Drivers/STM32L1xx_HAL_Driver/Src/stm32l1xx_hal_rtc.c:663:13:HAL_RTC_MspInit	0	static
D:/Projects/CAPTESTER/Drivers/STM32L1xx_HAL_Driver/Src/stm32l1xx_hal_rtc.c:679:13:HAL_RTC_MspDeInit	0	static
D:/Projects/CAPTESTER/Drivers/STM32L1xx_HAL_Driver/Src/stm32l1xx_hal_rtc.c:1439:19:HAL_RTC_DeactivateAlarm	16	static
D:/Projects/CAPTESTER/Drivers/STM32L1xx_HAL_Driver/Src/stm32l1xx_hal_rtc.c:1647:13:HAL_RTC_AlarmAEventCallback	0	static
D:/Projects/CAPTESTER/Drivers/STM32L1xx_HAL_Driver/Src/stm32l1xx_hal_rtc.c:1596:6:HAL_RTC_AlarmIRQHandler	8	static
D:/Projects/CAPTESTER/Drivers/STM32L1xx_HAL_Driver/Src/stm32l1xx_hal_rtc.c:1664:19:HAL_RTC_PollForAlarmAEvent	16	static
D:/Projects/CAPTESTER/Drivers/STM32L1xx_HAL_Driver/Src/stm32l1xx_hal_rtc.c:1728:19:HAL_RTC_WaitForSynchro	16	static
D:/Projects/CAPTESTER/Drivers/STM32L1xx_HAL_Driver/Src/stm32l1xx_hal_rtc.c:1757:6:HAL_RTC_DST_Add1Hour	0	static
D:/Projects/CAPTESTER/Drivers/STM32L1xx_HAL_Driver/Src/stm32l1xx_hal_rtc.c:1771:6:HAL_RTC_DST_Sub1Hour	0	static
D:/Projects/CAPTESTER/Drivers/STM32L1xx_HAL_Driver/Src/stm32l1xx_hal_rtc.c:1785:6:HAL_RTC_DST_SetStoreOperation	0	static
D:/Projects/CAPTESTER/Drivers/STM32L1xx_HAL_Driver/Src/stm32l1xx_hal_rtc.c:1798:6:HAL_RTC_DST_ClearStoreOperation	0	static
D:/Projects/CAPTESTER/Drivers/STM32L1xx_HAL_Driver/Src/stm32l1xx_hal_rtc.c:1810:10:HAL_RTC_DST_ReadStoreOperation	0	static
D:/Projects/CAPTESTER/Drivers/STM32L1xx_HAL_Driver/Src/stm32l1xx_hal_rtc.c:1839:21:HAL_RTC_GetState	0	static
D:/Projects/CAPTESTER/Drivers/STM32L1xx_HAL_Driver/Src/stm32l1xx_hal_rtc.c:1865:19:RTC_EnterInitMode	24	static
D:/Projects/CAPTESTER/Drivers/STM32L1xx_HAL_Driver/Src/stm32l1xx_hal_rtc.c:1900:19:RTC_ExitInitMode	8	static
D:/Projects/CAPTESTER/Drivers/STM32L1xx_HAL_Driver/Src/stm32l1xx_hal_rtc.c:248:19:HAL_RTC_Init	8	static
D:/Projects/CAPTESTER/Drivers/STM32L1xx_HAL_Driver/Src/stm32l1xx_hal_rtc.c:365:19:HAL_RTC_DeInit	16	static
D:/Projects/CAPTESTER/Drivers/STM32L1xx_HAL_Driver/Src/stm32l1xx_hal_rtc.c:1935:9:RTC_ByteToBcd2	0	static
D:/Projects/CAPTESTER/Drivers/STM32L1xx_HAL_Driver/Src/stm32l1xx_hal_rtc.c:720:19:HAL_RTC_SetTime	24	static
D:/Projects/CAPTESTER/Drivers/STM32L1xx_HAL_Driver/Src/stm32l1xx_hal_rtc.c:881:19:HAL_RTC_SetDate	24	static
D:/Projects/CAPTESTER/Drivers/STM32L1xx_HAL_Driver/Src/stm32l1xx_hal_rtc.c:1028:19:HAL_RTC_SetAlarm	40	static
D:/Projects/CAPTESTER/Drivers/STM32L1xx_HAL_Driver/Src/stm32l1xx_hal_rtc.c:1235:19:HAL_RTC_SetAlarm_IT	40	static
D:/Projects/CAPTESTER/Drivers/STM32L1xx_HAL_Driver/Src/stm32l1xx_hal_rtc.c:1953:9:RTC_Bcd2ToByte	0	static
D:/Projects/CAPTESTER/Drivers/STM32L1xx_HAL_Driver/Src/stm32l1xx_hal_rtc.c:834:19:HAL_RTC_GetTime	16	static
D:/Projects/CAPTESTER/Drivers/STM32L1xx_HAL_Driver/Src/stm32l1xx_hal_rtc.c:970:19:HAL_RTC_GetDate	16	static
D:/Projects/CAPTESTER/Drivers/STM32L1xx_HAL_Driver/Src/stm32l1xx_hal_rtc.c:1537:19:HAL_RTC_GetAlarm	24	static
