../Drivers/BSP/STM32L152DISC/stm32l152c_discovery_cts.c:70:6:BSP_LED_Init	48	static
../Drivers/BSP/STM32L152DISC/stm32l152c_discovery_cts.c:96:6:BSP_LED_On	0	static
../Drivers/BSP/STM32L152DISC/stm32l152c_discovery_cts.c:109:6:BSP_LED_Off	0	static
../Drivers/BSP/STM32L152DISC/stm32l152c_discovery_cts.c:122:6:BSP_LED_Toggle	0	static
../Drivers/BSP/STM32L152DISC/stm32l152c_discovery_cts.c:131:10:BSP_PAN_GetState	8	static
../Drivers/BSP/STM32L152DISC/stm32l152c_discovery_cts.c:140:6:BSP_SET_CS	0	static
../Drivers/BSP/STM32L152DISC/stm32l152c_discovery_cts.c:149:6:BSP_SET_OPTO	0	static
../Drivers/BSP/STM32L152DISC/stm32l152c_discovery_cts.c:158:6:BSP_SET_RMUX	0	static
../Drivers/BSP/STM32L152DISC/stm32l152c_discovery_cts.c:168:6:BSP_CTS_SetAnyLine	16	static
../Drivers/BSP/STM32L152DISC/stm32l152c_discovery_cts.c:185:6:BSP_CTS_SetSingleLine	16	static
../Drivers/BSP/STM32L152DISC/stm32l152c_discovery_cts.c:200:6:BSP_CTS_SetAllLineDischarge	0	static
../Drivers/BSP/STM32L152DISC/stm32l152c_discovery_cts.c:210:6:BSP_CTS_Init	64	static
../Drivers/BSP/STM32L152DISC/stm32l152c_discovery_cts.c:273:6:CheckSysCnf	8	static
../Drivers/BSP/STM32L152DISC/stm32l152c_discovery_cts.c:264:6:LoadSysCnf	0	static
