../Src/stm32l1xx_it.c:42:6:NMI_Handler	0	static
../Src/stm32l1xx_it.c:52:6:HardFault_Handler	0	static
../Src/stm32l1xx_it.c:63:6:MemManage_Handler	0	static
../Src/stm32l1xx_it.c:74:6:BusFault_Handler	0	static
../Src/stm32l1xx_it.c:85:6:UsageFault_Handler	0	static
../Src/stm32l1xx_it.c:96:13:SVC_Handler	0	static
../Src/stm32l1xx_it.c:106:6:DebugMon_Handler	0	static
../Src/stm32l1xx_it.c:116:13:PendSV_Handler	0	static
../Src/stm32l1xx_it.c:126:6:SysTick_Handler	8	static
../Src/stm32l1xx_it.c:146:6:USB_LP_IRQHandler	0	static
../Src/stm32l1xx_it.c:157:6:TIMx_IRQHandler	0	static
../Src/stm32l1xx_it.c:167:6:ADC1_IRQHandler	0	static
../Src/stm32l1xx_it.c:177:6:DMA1_Channel1_IRQHandler	0	static
