../Src/stm32l1xx_hal_msp.c:46:6:HAL_SPI_MspInit	56	static
../Src/stm32l1xx_hal_msp.c:92:6:HAL_SPI_MspDeInit	8	static
../Src/stm32l1xx_hal_msp.c:122:6:HAL_RTC_MspInit	80	static
../Src/stm32l1xx_hal_msp.c:189:6:HAL_RTC_MspDeInit	0	static
../Src/stm32l1xx_hal_msp.c:205:6:HAL_ADC_MspInit	80	static
../Src/stm32l1xx_hal_msp.c:275:6:HAL_ADC_MspDeInit	8	static
../Src/stm32l1xx_hal_msp.c:303:6:HAL_TIM_Base_MspInit	8	static
../Src/stm32l1xx_hal_msp.c:316:6:HAL_TIM_Base_MspDeInit	0	static
../Src/stm32l1xx_hal_msp.c:332:6:HAL_DAC_MspInit	40	static
../Src/stm32l1xx_hal_msp.c:359:6:HAL_DAC_MspDeInit	0	static
