../Src/usb_main.c:182:6:isCableConnected	8	static
../Src/usb_main.c:858:13:sendSystemTemperature	8	static
../Src/usb_main.c:957:13:sendMeasureResult	32	static
../Src/usb_main.c:846:13:sendSystemTime	40	static
../Src/usb_main.c:906:13:sendSystemStatus	8	static
../Src/usb_main.c:837:13:sendMemoryStatus	8	static
../Src/usb_main.c:935:13:sendSystemSettings	24	static
../Src/usb_main.c:870:13:sendRealHV	8	static
../Src/usb_main.c:892:13:sendTestTimePass	16	static
../Src/usb_main.c:881:13:sendVDDA	8	static
../Src/usb_main.c:996:13:sendErrorReaction	24	static
../Src/usb_main.c:74:6:UsbCDCThread	104	static
