../Src/usb_main.c:176:6:isCableConnected	8	static
../Src/usb_main.c:756:13:sendSystemTemperature	8	static
../Src/usb_main.c:833:13:sendMeasureResult	32	static
../Src/usb_main.c:744:13:sendSystemTime	40	static
../Src/usb_main.c:790:13:sendSystemStatus	8	static
../Src/usb_main.c:735:13:sendMemoryStatus	8	static
../Src/usb_main.c:819:13:sendSystemSettings	24	static
../Src/usb_main.c:768:13:sendRealHV	8	static
../Src/usb_main.c:871:13:sendErrorReaction	24	static
../Src/usb_main.c:779:13:sendVDDA	8	static
../Src/usb_main.c:70:6:UsbCDCThread	104	static
