../Src/usbd_conf.c:41:6:HAL_PCD_MspInit	48	static
../Src/usbd_conf.c:75:6:HAL_PCD_MspDeInit	0	static
../Src/usbd_conf.c:94:6:HAL_PCD_SetupStageCallback	0	static
../Src/usbd_conf.c:105:6:HAL_PCD_DataOutStageCallback	0	static
../Src/usbd_conf.c:116:6:HAL_PCD_DataInStageCallback	0	static
../Src/usbd_conf.c:126:6:HAL_PCD_SOFCallback	0	static
../Src/usbd_conf.c:136:6:HAL_PCD_ResetCallback	8	static
../Src/usbd_conf.c:149:6:HAL_PCD_SuspendCallback	0	static
../Src/usbd_conf.c:159:6:HAL_PCD_ResumeCallback	0	static
../Src/usbd_conf.c:170:6:HAL_PCD_ISOOUTIncompleteCallback	0	static
../Src/usbd_conf.c:181:6:HAL_PCD_ISOINIncompleteCallback	0	static
../Src/usbd_conf.c:191:6:HAL_PCD_ConnectCallback	0	static
../Src/usbd_conf.c:201:6:HAL_PCD_DisconnectCallback	0	static
../Src/usbd_conf.c:216:20:USBD_LL_Init	16	static
../Src/usbd_conf.c:245:20:USBD_LL_DeInit	8	static
../Src/usbd_conf.c:257:20:USBD_LL_Start	8	static
../Src/usbd_conf.c:269:20:USBD_LL_Stop	8	static
../Src/usbd_conf.c:284:20:USBD_LL_OpenEP	8	static
../Src/usbd_conf.c:304:20:USBD_LL_CloseEP	8	static
../Src/usbd_conf.c:317:20:USBD_LL_FlushEP	8	static
../Src/usbd_conf.c:330:20:USBD_LL_StallEP	8	static
../Src/usbd_conf.c:343:20:USBD_LL_ClearStallEP	8	static
../Src/usbd_conf.c:356:9:USBD_LL_IsStallEP	0	static
../Src/usbd_conf.c:377:20:USBD_LL_SetUSBAddress	8	static
../Src/usbd_conf.c:392:20:USBD_LL_Transmit	8	static
../Src/usbd_conf.c:410:20:USBD_LL_PrepareReceive	8	static
../Src/usbd_conf.c:425:10:USBD_LL_GetRxDataSize	0	static
../Src/usbd_conf.c:435:6:USBD_LL_Delay	0	static
../Src/usbd_conf.c:445:7:USBD_static_malloc	0	static
../Src/usbd_conf.c:456:6:USBD_static_free	0	static
../Src/usbd_conf.c:466:6:HAL_PCDEx_SetConnectionState	0	static
